
> eu-ai-act-compliance-checker@0.1.0 build
> next build

  ▲ Next.js 14.2.35
  - Environments: .env.local

   Creating an optimized production build ...
   Using tsconfig file: ./tsconfig.json
   Using tsconfig file: ./tsconfig.json
   Using tsconfig file: ./tsconfig.json
 ✓ Compiled successfully
   Linting and checking validity of types ...

./src/components/checker/QuestionCard.tsx
133:6  Warning: React Hook useEffect has a missing dependency: 'question.type'. Either include it or remove the dependency array. If 'setSelected' needs the current value of 'question.type', you can also switch to useReducer instead of useState and read 'question.type' in the reducer.  react-hooks/exhaustive-deps

./src/components/results/BadgePreview.tsx
44:9  Warning: Using `<img>` could result in slower LCP and higher bandwidth. Consider using `<Image />` from `next/image` to automatically optimize images. This may incur additional usage or cost from your provider. See: https://nextjs.org/docs/messages/no-img-element  @next/next/no-img-element

info  - Need to disable some ESLint rules? Learn more here: https://nextjs.org/docs/basic-features/eslint#disabling-rules
   Collecting page data ...
   Generating static pages (0/23) ...
   Generating static pages (5/23) 
   Generating static pages (11/23) 
   Generating static pages (17/23) 
 ✓ Generating static pages (23/23)
   Finalizing page optimization ...
   Collecting build traces ...

Route (app)                              Size     First Load JS
┌ ○ /                                    7.2 kB          110 kB
├ ○ /_not-found                          873 B          88.2 kB
├ ○ /about                               1.32 kB        97.7 kB
├ ƒ /api/assessments                     0 B                0 B
├ ƒ /api/assessments/[id]                0 B                0 B
├ ƒ /api/assessments/[id]/pdf            0 B                0 B
├ ƒ /api/auth/[...nextauth]              0 B                0 B
├ ƒ /api/auth/register                   0 B                0 B
├ ƒ /api/badge/[id]                      0 B                0 B
├ ƒ /api/cron/reminders                  0 B                0 B
├ ƒ /api/events                          0 B                0 B
├ ƒ /api/keys                            0 B                0 B
├ ƒ /api/keys/[id]                       0 B                0 B
├ ƒ /api/templates/[templateId]          0 B                0 B
├ ƒ /api/v1/classify                     0 B                0 B
├ ○ /auth/login                          1.34 kB         101 kB
├ ○ /auth/register                       1.59 kB          98 kB
├ ○ /checker                             13.1 kB         107 kB
├ ○ /checker/results                     2.18 kB        89.5 kB
├ ƒ /checker/results/[id]                138 B          87.5 kB
├ ƒ /dashboard                           1.92 kB         101 kB
├ ƒ /dashboard/compare                   1.05 kB        91.5 kB
├ ƒ /dashboard/keys                      2.48 kB        92.9 kB
├ ƒ /dashboard/settings                  1.42 kB        91.8 kB
├ ○ /privacy                             1.32 kB        97.7 kB
├ ○ /robots.txt                          0 B                0 B
├ ○ /sitemap.xml                         0 B                0 B
└ ○ /terms                               1.32 kB        97.7 kB
+ First Load JS shared by all            87.3 kB
  ├ chunks/117-a7ab992f539b45f7.js       31.7 kB
  ├ chunks/fd9d1056-9e191f0896c1d560.js  53.6 kB
  └ other shared chunks (total)          1.95 kB


○  (Static)   prerendered as static content
ƒ  (Dynamic)  server-rendered on demand

